
Allocating common symbols
Common symbol       size              file

pid_pool            0x28              obj/thread.o
argv                0x40              obj/shell.o
kbd_buf             0x6c              obj/keyboard.o
root_dir            0x208             obj/dir.o
thread_ready_list   0x10              obj/thread.o
thread_all_list     0x10              obj/thread.o
user_pool           0x2c              obj/memory.o
channel_cnt         0x1               obj/ide.o
cur_part            0x4               obj/fs.o
final_path          0x200             obj/shell.o
k_block_descs       0xa8              obj/memory.o
idle_thread         0x4               obj/thread.o
intr_name           0x204             obj/interrupt.o
main_thread         0x4               obj/thread.o
channels            0xcc0             obj/ide.o
kernel_vaddr        0xc               obj/memory.o
syscall_table       0x80              obj/syscall-init.o
idt_table           0x204             obj/interrupt.o
file_table          0x180             obj/file.o
partition_list      0x10              obj/ide.o
kernel_pool         0x2c              obj/memory.o
pid_lock            0x1c              obj/thread.o

Discarded input sections

 .note.GNU-stack
                0x0000000000000000        0x0 obj/main.o
 .note.GNU-stack
                0x0000000000000000        0x0 obj/init.o
 .note.GNU-stack
                0x0000000000000000        0x0 obj/interrupt.o
 .note.GNU-stack
                0x0000000000000000        0x0 obj/timer.o
 .note.GNU-stack
                0x0000000000000000        0x0 obj/debug.o
 .note.GNU-stack
                0x0000000000000000        0x0 obj/string.o
 .note.GNU-stack
                0x0000000000000000        0x0 obj/bitmap.o
 .note.GNU-stack
                0x0000000000000000        0x0 obj/memory.o
 .note.GNU-stack
                0x0000000000000000        0x0 obj/thread.o
 .note.GNU-stack
                0x0000000000000000        0x0 obj/list.o
 .note.GNU-stack
                0x0000000000000000        0x0 obj/sync.o
 .note.GNU-stack
                0x0000000000000000        0x0 obj/console.o
 .note.GNU-stack
                0x0000000000000000        0x0 obj/keyboard.o
 .note.GNU-stack
                0x0000000000000000        0x0 obj/ioqueue.o
 .note.GNU-stack
                0x0000000000000000        0x0 obj/tss.o
 .note.GNU-stack
                0x0000000000000000        0x0 obj/process.o
 .note.GNU-stack
                0x0000000000000000        0x0 obj/syscall-init.o
 .note.GNU-stack
                0x0000000000000000        0x0 obj/syscall.o
 .note.GNU-stack
                0x0000000000000000        0x0 obj/mystdio.o
 .note.GNU-stack
                0x0000000000000000        0x0 obj/kstdio.o
 .note.GNU-stack
                0x0000000000000000        0x0 obj/ide.o
 .note.GNU-stack
                0x0000000000000000        0x0 obj/dir.o
 .note.GNU-stack
                0x0000000000000000        0x0 obj/file.o
 .note.GNU-stack
                0x0000000000000000        0x0 obj/fs.o
 .note.GNU-stack
                0x0000000000000000        0x0 obj/inode.o
 .note.GNU-stack
                0x0000000000000000        0x0 obj/fork.o
 .note.GNU-stack
                0x0000000000000000        0x0 obj/shell.o
 .note.GNU-stack
                0x0000000000000000        0x0 obj/buildin_cmd.o
 .note.GNU-stack
                0x0000000000000000        0x0 obj/exec.o
 .note.GNU-stack
                0x0000000000000000        0x0 obj/wait_exit.o
 .note.GNU-stack
                0x0000000000000000        0x0 obj/pipe.o

Memory Configuration

Name             Origin             Length             Attributes
*default*        0x0000000000000000 0xffffffffffffffff

Linker script and memory map

Address of section .text set to 0xc0001500
LOAD obj/main.o
LOAD obj/init.o
LOAD obj/interrupt.o
LOAD obj/timer.o
LOAD obj/kernel.o
LOAD obj/print.o
LOAD obj/debug.o
LOAD obj/string.o
LOAD obj/bitmap.o
LOAD obj/memory.o
LOAD obj/thread.o
LOAD obj/list.o
LOAD obj/switch.o
LOAD obj/sync.o
LOAD obj/console.o
LOAD obj/keyboard.o
LOAD obj/ioqueue.o
LOAD obj/tss.o
LOAD obj/process.o
LOAD obj/syscall-init.o
LOAD obj/syscall.o
LOAD obj/mystdio.o
LOAD obj/kstdio.o
LOAD obj/ide.o
LOAD obj/dir.o
LOAD obj/file.o
LOAD obj/fs.o
LOAD obj/inode.o
LOAD obj/fork.o
LOAD obj/shell.o
LOAD obj/buildin_cmd.o
LOAD obj/exec.o
LOAD obj/wait_exit.o
LOAD obj/pipe.o
                [!provide]                        PROVIDE (__executable_start, 0x8048000)
                0x0000000008048094                . = (0x8048000 + SIZEOF_HEADERS)

.interp
 *(.interp)

.note.gnu.build-id
 *(.note.gnu.build-id)

.hash
 *(.hash)

.gnu.hash
 *(.gnu.hash)

.dynsym
 *(.dynsym)

.dynstr
 *(.dynstr)

.gnu.version
 *(.gnu.version)

.gnu.version_d
 *(.gnu.version_d)

.gnu.version_r
 *(.gnu.version_r)

.rel.dyn        0x0000000008048094        0x0
 *(.rel.init)
 *(.rel.text .rel.text.* .rel.gnu.linkonce.t.*)
 .rel.text      0x0000000008048094        0x0 obj/main.o
 *(.rel.fini)
 *(.rel.rodata .rel.rodata.* .rel.gnu.linkonce.r.*)
 *(.rel.data.rel.ro .rel.data.rel.ro.* .rel.gnu.linkonce.d.rel.ro.*)
 *(.rel.data .rel.data.* .rel.gnu.linkonce.d.*)
 *(.rel.tdata .rel.tdata.* .rel.gnu.linkonce.td.*)
 *(.rel.tbss .rel.tbss.* .rel.gnu.linkonce.tb.*)
 *(.rel.ctors)
 *(.rel.dtors)
 *(.rel.got)
 *(.rel.bss .rel.bss.* .rel.gnu.linkonce.b.*)
 *(.rel.ifunc)

.rel.plt        0x0000000008048094        0x0
 *(.rel.plt)
                [!provide]                        PROVIDE (__rel_iplt_start, .)
 *(.rel.iplt)
                [!provide]                        PROVIDE (__rel_iplt_end, .)

.init
 *(SORT(.init))

.plt
 *(.plt)
 *(.iplt)

.plt.got
 *(.plt.got)

.text           0x00000000c0001500     0xc847
 *(.text.unlikely .text.*_unlikely .text.unlikely.*)
 *(.text.exit .text.exit.*)
 *(.text.startup .text.startup.*)
 *(.text.hot .text.hot.*)
 *(.text .stub .text.* .gnu.linkonce.t.*)
 .text          0x00000000c0001500       0xd7 obj/main.o
                0x00000000c0001500                main
 .text          0x00000000c00015d7       0x41 obj/init.o
                0x00000000c00015d7                init_all
 .text          0x00000000c0001618      0x481 obj/interrupt.o
                0x00000000c0001636                register_handler
                0x00000000c00019a3                intr_enable
                0x00000000c00019cc                intr_disable
                0x00000000c00019f5                intr_set_status
                0x00000000c0001a13                intr_get_status
                0x00000000c0001a37                idt_init
 .text          0x00000000c0001a99      0x209 obj/timer.o
                0x00000000c0001b4a                timer_init
                0x00000000c0001c50                mtime_sleep
 *fill*         0x00000000c0001ca2        0xe 
 .text          0x00000000c0001cb0      0x55e obj/kernel.o
                0x00000000c0001cb0                intr_exit
                0x00000000c0001cbe                syscall_handler
 *fill*         0x00000000c000220e        0x2 
 .text          0x00000000c0002210      0x1ab obj/print.o
                0x00000000c0002210                put_char
                0x00000000c00022da                put_str
                0x00000000c00022f8                put_int
                0x00000000c000235b                gset_cursor
                0x00000000c000237c                cls_screen
 .text          0x00000000c00023bb       0x30 obj/debug.o
                0x00000000c00023bb                panic_spin
 .text          0x00000000c00023eb      0x448 obj/string.o
                0x00000000c00023eb                memset
                0x00000000c0002445                memcpy
                0x00000000c00024ad                memcmp
                0x00000000c000253d                strcpy
                0x00000000c000259f                strlen
                0x00000000c00025f0                strcmp
                0x00000000c0002681                strchr
                0x00000000c00026e6                strrchr
                0x00000000c000274f                strcat
                0x00000000c00027c6                strchrs
 .text          0x00000000c0002833      0x26a obj/bitmap.o
                0x00000000c0002833                bitmap_init
                0x00000000c000285a                bitmap_scan_test
                0x00000000c0002899                bitmap_scan
                0x00000000c00029e2                bitmap_set
 .text          0x00000000c0002a9d     0x119e obj/memory.o
                0x00000000c0002c53                mem_init
                0x00000000c0002dc2                pte_ptr
                0x00000000c0002df2                pde_ptr
                0x00000000c0002f5d                malloc_page
                0x00000000c0003027                get_kernel_pages
                0x00000000c0003083                get_user_pages
                0x00000000c00030d9                get_a_page
                0x00000000c0003228                addr_v2p
                0x00000000c0003254                block_desc_init
                0x00000000c00032e2                arena2block
                0x00000000c00032fc                block2arena
                0x00000000c0003309                sys_malloc
                0x00000000c0003638                pfree
                0x00000000c000377b                mfree_page
                0x00000000c0003958                sys_free
                0x00000000c0003b59                get_a_page_without_opvaddrbitmap
                0x00000000c0003bd4                free_a_phy_page
 .text          0x00000000c0003c3b      0xc8b obj/thread.o
                0x00000000c0003c3b                running_thread
                0x00000000c0003c50                thread_init
                0x00000000c0003cdb                schedule
                0x00000000c0003dd4                thread_create
                0x00000000c0003e4a                init_thread
                0x00000000c0003f53                thread_start
                0x00000000c00040ce                thread_block
                0x00000000c0004135                thread_unblock
                0x00000000c00041fe                idle
                0x00000000c0004214                thread_yield
                0x00000000c000429a                fork_pid
                0x00000000c0004607                sys_ps
                0x00000000c0004654                init
                0x00000000c0004743                release_pid
                0x00000000c000479c                thread_exit
                0x00000000c0004887                pid2thread
 .text          0x00000000c00048c6      0x1e5 obj/list.o
                0x00000000c00048c6                list_init
                0x00000000c00048f3                list_insert_before
                0x00000000c0004934                list_push
                0x00000000c0004951                list_iterate
                0x00000000c0004956                list_append
                0x00000000c0004973                list_remove
                0x00000000c00049a9                list_pop
                0x00000000c00049c8                list_empty
                0x00000000c00049de                list_len
                0x00000000c0004a13                elem_find
                0x00000000c0004a4e                list_traversal
 *fill*         0x00000000c0004aab        0x5 
 .text          0x00000000c0004ab0       0x15 obj/switch.o
                0x00000000c0004ab0                switch_to
 .text          0x00000000c0004ac5      0x2fe obj/sync.o
                0x00000000c0004ac5                sema_init
                0x00000000c0004aea                lock_init
                0x00000000c0004b1b                sema_down
                0x00000000c0004be6                sema_up
                0x00000000c0004c9c                lock_acquire
                0x00000000c0004d18                lock_release
 .text          0x00000000c0004dc3       0x9a obj/console.o
                0x00000000c0004dc3                console_init
                0x00000000c0004dd7                console_acquire
                0x00000000c0004deb                console_release
                0x00000000c0004dff                console_put_char
                0x00000000c0004e23                console_put_str
                0x00000000c0004e40                console_put_int
 .text          0x00000000c0004e5d      0x2af obj/keyboard.o
                0x00000000c00050cc                keyboard_init
 .text          0x00000000c000510c      0x308 obj/ioqueue.o
                0x00000000c000510c                ioqueue_init
                0x00000000c0005167                ioq_full
                0x00000000c00051b5                ioq_empty
                0x00000000c0005299                ioq_getchar
                0x00000000c000532f                ioq_putchar
                0x00000000c00053c7                ioq_length
 .text          0x00000000c0005414      0x1af obj/tss.o
                0x00000000c0005414                update_tss_esp0
                0x00000000c0005495                tss_init
 .text          0x00000000c00055c3      0x376 obj/process.o
                0x00000000c00055c3                start_process
                0x00000000c00056c9                page_dir_activate
                0x00000000c00056f9                process_activate
                0x00000000c000574b                create_page_dir
                0x00000000c00057cd                create_user_vaddr_bitmap
                0x00000000c000580f                process_execute
 .text          0x00000000c0005939      0x14a obj/syscall-init.o
                0x00000000c0005939                sys_getpid
                0x00000000c000594b                syscall_init
 .text          0x00000000c0005a83      0x34b obj/syscall.o
                0x00000000c0005a83                getpid
                0x00000000c0005a98                write
                0x00000000c0005abb                malloc
                0x00000000c0005ada                free
                0x00000000c0005af6                fork
                0x00000000c0005b0b                read
                0x00000000c0005b2e                putchar
                0x00000000c0005b51                clear
                0x00000000c0005b63                getcwd
                0x00000000c0005b85                open
                0x00000000c0005bae                close
                0x00000000c0005bcd                lseek
                0x00000000c0005bf7                unlink
                0x00000000c0005c16                mkdir
                0x00000000c0005c35                opendir
                0x00000000c0005c54                closedir
                0x00000000c0005c73                rmdir
                0x00000000c0005c92                readdir
                0x00000000c0005cb1                rewinddir
                0x00000000c0005ccd                stat
                0x00000000c0005cef                chdir
                0x00000000c0005d0e                exit
                0x00000000c0005d2a                uwait
                0x00000000c0005d49                ps
                0x00000000c0005d5b                execv
                0x00000000c0005d7d                pipe
                0x00000000c0005d9c                fd_redirect
                0x00000000c0005dbc                help
 .text          0x00000000c0005dce      0x2ba obj/mystdio.o
                0x00000000c0005dce                itoa
                0x00000000c0005e55                vsprintf
                0x00000000c0005fd8                printf
                0x00000000c0006054                sprintf
 .text          0x00000000c0006088       0x7f obj/kstdio.o
                0x00000000c0006088                printk
                0x00000000c00060ea                sys_putchar
 .text          0x00000000c0006107      0xe04 obj/ide.o
                0x00000000c00061a6                ide_init
                0x00000000c000656f                write2sector
                0x00000000c0006629                ide_read
                0x00000000c00067b7                ide_write
                0x00000000c0006945                intr_hd_handler
 .text          0x00000000c0006f0b      0xf6b obj/dir.o
                0x00000000c0006f0b                open_root_dir
                0x00000000c0006f3a                dir_open
                0x00000000c0006f75                search_dir_entry
                0x00000000c0007157                dir_close
                0x00000000c0007182                create_dir_entry
                0x00000000c00071f8                sync_dir_entry
                0x00000000c000767c                delete_dir_entry
                0x00000000c0007b66                dir_read
                0x00000000c0007d82                dir_is_empty
                0x00000000c0007dad                dir_remove
 .text          0x00000000c0007e76     0x12b6 obj/file.o
                0x00000000c0007e76                get_free_slot_in_global
                0x00000000c0007ec6                pcb_fd_install
                0x00000000c0007f2f                inode_bitmap_alloc
                0x00000000c0007f7d                block_bitmap_alloc
                0x00000000c0007fd6                bitmap_sync
                0x00000000c000806a                file_create
                0x00000000c000833f                file_open
                0x00000000c0008447                file_close
                0x00000000c0008486                file_write
                0x00000000c0008cc7                file_read
 .text          0x00000000c000912c     0x2337 obj/fs.o
                0x00000000c0009823                filesys_init
                0x00000000c0009a34                path_parse
                0x00000000c0009a92                path_depth_cnt
                0x00000000c0009dbc                sys_open
                0x00000000c000a014                fd_local2global
                0x00000000c000a069                sys_close
                0x00000000c000a160                sys_write
                0x00000000c000a2a4                sys_read
                0x00000000c000a3e4                sys_lseek
                0x00000000c000a4d1                sys_unlink
                0x00000000c000a6f3                sys_mkdir
                0x00000000c000ab1f                sys_opendir
                0x00000000c000ac3a                sys_closedir
                0x00000000c000ac64                sys_readdir
                0x00000000c000aca1                sys_rewinddir
                0x00000000c000acb0                sys_rmdir
                0x00000000c000b076                sys_getcwd
                0x00000000c000b29a                sys_chdir
                0x00000000c000b328                sys_stat
                0x00000000c000b44f                sys_help
 .text          0x00000000c000b463      0x825 obj/inode.o
                0x00000000c000b507                inode_sync
                0x00000000c000b67b                inode_open
                0x00000000c000b7d6                inode_close
                0x00000000c000b847                inode_init
                0x00000000c000b89c                inode_delete
                0x00000000c000ba01                inode_release
 .text          0x00000000c000bc88      0x56b obj/fork.o
                0x00000000c000c0bb                sys_fork
 .text          0x00000000c000c1f3      0x7d0 obj/shell.o
                0x00000000c000c1f3                print_prompt
                0x00000000c000c42e                my_shell
 .text          0x00000000c000c9c3      0x979 obj/buildin_cmd.o
                0x00000000c000cb47                make_clear_abs_path
                0x00000000c000cc0a                buildin_pwd
                0x00000000c000cc60                buildin_cd
                0x00000000c000cce0                buildin_ls
                0x00000000c000d0a5                buildin_ps
                0x00000000c000d0c6                buildin_clear
                0x00000000c000d0e7                buildin_mkdir
                0x00000000c000d16e                buildin_rmdir
                0x00000000c000d1f5                buildin_rm
                0x00000000c000d27c                buildin_help
                0x00000000c000d29d                buildin_touch
 .text          0x00000000c000d33c      0x385 obj/exec.o
                0x00000000c000d5ff                sys_execv
 .text          0x00000000c000d6c1      0x442 obj/wait_exit.o
                0x00000000c000d9bf                sys_wait
                0x00000000c000da66                sys_exit
 .text          0x00000000c000db03      0x244 obj/pipe.o
                0x00000000c000db03                is_pipe
                0x00000000c000db37                sys_pipe
                0x00000000c000dbfc                pipe_read
                0x00000000c000dc75                pipe_write
                0x00000000c000dcff                sys_fd_redirect
 *(.gnu.warning)

.fini
 *(SORT(.fini))
                [!provide]                        PROVIDE (__etext, .)
                [!provide]                        PROVIDE (_etext, .)
                [!provide]                        PROVIDE (etext, .)

.rodata         0x00000000c000dd48     0x289e
 *(.rodata .rodata.* .gnu.linkonce.r.*)
 .rodata        0x00000000c000dd48       0x38 obj/main.o
 .rodata        0x00000000c000dd80        0xb obj/init.o
 *fill*         0x00000000c000dd8b        0x1 
 .rodata        0x00000000c000dd8c      0x28c obj/interrupt.o
 .rodata        0x00000000c000e018       0x8c obj/timer.o
 .rodata        0x00000000c000e0a4       0x39 obj/debug.o
 .rodata        0x00000000c000e0dd       0xc6 obj/string.o
 *fill*         0x00000000c000e1a3        0x1 
 .rodata        0x00000000c000e1a4       0x6c obj/bitmap.o
 .rodata        0x00000000c000e210      0x34d obj/memory.o
 *fill*         0x00000000c000e55d        0x3 
 .rodata        0x00000000c000e560      0x392 obj/thread.o
 *fill*         0x00000000c000e8f2        0x2 
 .rodata        0x00000000c000e8f4       0xff obj/sync.o
 .rodata        0x00000000c000e9f3       0x36 obj/keyboard.o
 *fill*         0x00000000c000ea29        0x3 
 .rodata        0x00000000c000ea2c       0x89 obj/ioqueue.o
 .rodata        0x00000000c000eab5       0x1e obj/tss.o
 *fill*         0x00000000c000ead3        0x1 
 .rodata        0x00000000c000ead4       0xd5 obj/process.o
 .rodata        0x00000000c000eba9       0x27 obj/syscall-init.o
 .rodata        0x00000000c000ebd0      0x1ec obj/ide.o
 .rodata        0x00000000c000edbc      0x20c obj/dir.o
 .rodata        0x00000000c000efc8      0x438 obj/file.o
 .rodata        0x00000000c000f400      0xa94 obj/fs.o
 .rodata        0x00000000c000fe94       0xc3 obj/inode.o
 *fill*         0x00000000c000ff57        0x1 
 .rodata        0x00000000c000ff58      0x146 obj/fork.o
 *fill*         0x00000000c001009e        0x2 
 .rodata        0x00000000c00100a0      0x176 obj/shell.o
 *fill*         0x00000000c0010216        0x2 
 .rodata        0x00000000c0010218      0x399 obj/buildin_cmd.o
 .rodata        0x00000000c00105b1        0x8 obj/exec.o
 *fill*         0x00000000c00105b9        0x3 
 .rodata        0x00000000c00105bc       0x2a obj/wait_exit.o

.rodata1
 *(.rodata1)

.eh_frame_hdr
 *(.eh_frame_hdr)
 *(.eh_frame_entry .eh_frame_entry.*)

.eh_frame       0x00000000c00105e8     0x22d8
 *(.eh_frame)
 .eh_frame      0x00000000c00105e8       0x34 obj/main.o
 .eh_frame      0x00000000c001061c       0x20 obj/init.o
                                         0x38 (size before relaxing)
 .eh_frame      0x00000000c001063c      0x188 obj/interrupt.o
                                        0x1a0 (size before relaxing)
 .eh_frame      0x00000000c00107c4       0xcc obj/timer.o
                                         0xe4 (size before relaxing)
 .eh_frame      0x00000000c0010890       0x1c obj/debug.o
                                         0x34 (size before relaxing)
 .eh_frame      0x00000000c00108ac      0x140 obj/string.o
                                        0x158 (size before relaxing)
 .eh_frame      0x00000000c00109ec       0x94 obj/bitmap.o
                                         0xac (size before relaxing)
 .eh_frame      0x00000000c0010a80      0x2e0 obj/memory.o
                                        0x2f8 (size before relaxing)
 .eh_frame      0x00000000c0010d60      0x2dc obj/thread.o
                                        0x2f4 (size before relaxing)
 .eh_frame      0x00000000c001103c      0x160 obj/list.o
                                        0x178 (size before relaxing)
 .eh_frame      0x00000000c001119c       0xc8 obj/sync.o
                                         0xe0 (size before relaxing)
 .eh_frame      0x00000000c0011264       0xc0 obj/console.o
                                         0xd8 (size before relaxing)
 .eh_frame      0x00000000c0011324       0x60 obj/keyboard.o
                                         0x78 (size before relaxing)
 .eh_frame      0x00000000c0011384      0x120 obj/ioqueue.o
                                        0x138 (size before relaxing)
 .eh_frame      0x00000000c00114a4       0x64 obj/tss.o
                                         0x7c (size before relaxing)
 .eh_frame      0x00000000c0011508       0xc0 obj/process.o
                                         0xd8 (size before relaxing)
 .eh_frame      0x00000000c00115c8       0x40 obj/syscall-init.o
                                         0x58 (size before relaxing)
 .eh_frame      0x00000000c0011608      0x3dc obj/syscall.o
                                        0x3f4 (size before relaxing)
 .eh_frame      0x00000000c00119e4       0x94 obj/mystdio.o
                                         0xac (size before relaxing)
 .eh_frame      0x00000000c0011a78       0x48 obj/kstdio.o
                                         0x60 (size before relaxing)
 .eh_frame      0x00000000c0011ac0      0x258 obj/ide.o
                                        0x270 (size before relaxing)
 .eh_frame      0x00000000c0011d18      0x164 obj/dir.o
                                        0x17c (size before relaxing)
 .eh_frame      0x00000000c0011e7c      0x140 obj/file.o
                                        0x158 (size before relaxing)
 .eh_frame      0x00000000c0011fbc      0x364 obj/fs.o
                                        0x37c (size before relaxing)
 .eh_frame      0x00000000c0012320       0xec obj/inode.o
                                        0x104 (size before relaxing)
 .eh_frame      0x00000000c001240c       0xc0 obj/fork.o
                                         0xd8 (size before relaxing)
 .eh_frame      0x00000000c00124cc       0x9c obj/shell.o
                                         0xb4 (size before relaxing)
 .eh_frame      0x00000000c0012568      0x194 obj/buildin_cmd.o
                                        0x1ac (size before relaxing)
 .eh_frame      0x00000000c00126fc       0x60 obj/exec.o
                                         0x78 (size before relaxing)
 .eh_frame      0x00000000c001275c       0xc0 obj/wait_exit.o
                                         0xd8 (size before relaxing)
 .eh_frame      0x00000000c001281c       0xa4 obj/pipe.o
                                         0xbc (size before relaxing)
 *(.eh_frame.*)

.gcc_except_table
 *(.gcc_except_table .gcc_except_table.*)

.gnu_extab
 *(.gnu_extab*)

.exception_ranges
 *(.exception_ranges .exception_ranges*)
                0x00000000c0014000                . = DATA_SEGMENT_ALIGN (0x1000, 0x1000)

.eh_frame
 *(.eh_frame)
 *(.eh_frame.*)

.gnu_extab
 *(.gnu_extab)

.gcc_except_table
 *(.gcc_except_table .gcc_except_table.*)

.exception_ranges
 *(.exception_ranges .exception_ranges*)

.tdata
 *(.tdata .tdata.* .gnu.linkonce.td.*)

.tbss
 *(.tbss .tbss.* .gnu.linkonce.tb.*)
 *(.tcommon)

.preinit_array  0x00000000c0014000        0x0
                [!provide]                        PROVIDE (__preinit_array_start, .)
 *(.preinit_array)
                [!provide]                        PROVIDE (__preinit_array_end, .)

.init_array     0x00000000c0014000        0x0
                [!provide]                        PROVIDE (__init_array_start, .)
 *(SORT(.init_array.*) SORT(.ctors.*))
 *(.init_array EXCLUDE_FILE(*crtend?.o *crtend.o *crtbegin?.o *crtbegin.o) .ctors)
                [!provide]                        PROVIDE (__init_array_end, .)

.fini_array     0x00000000c0014000        0x0
                [!provide]                        PROVIDE (__fini_array_start, .)
 *(SORT(.fini_array.*) SORT(.dtors.*))
 *(.fini_array EXCLUDE_FILE(*crtend?.o *crtend.o *crtbegin?.o *crtbegin.o) .dtors)
                [!provide]                        PROVIDE (__fini_array_end, .)

.ctors
 *crtbegin.o(.ctors)
 *crtbegin?.o(.ctors)
 *(EXCLUDE_FILE(*crtend?.o *crtend.o) .ctors)
 *(SORT(.ctors.*))
 *(.ctors)

.dtors
 *crtbegin.o(.dtors)
 *crtbegin?.o(.dtors)
 *(EXCLUDE_FILE(*crtend?.o *crtend.o) .dtors)
 *(SORT(.dtors.*))
 *(.dtors)

.jcr
 *(.jcr)

.data.rel.ro
 *(.data.rel.ro.local* .gnu.linkonce.d.rel.ro.local.*)
 *(.data.rel.ro .data.rel.ro.* .gnu.linkonce.d.rel.ro.*)

.dynamic
 *(.dynamic)

.got
 *(.got)
 *(.igot)
                0x00000000c0014000                . = DATA_SEGMENT_RELRO_END (., (SIZEOF (.got.plt) >= 0xc)?0xc:0x0)

.got.plt        0x00000000c0014000        0x0
 *(.got.plt)
 *(.igot.plt)

.data           0x00000000c0014000      0x15c
 *(.data .data.* .gnu.linkonce.d.*)
 .data          0x00000000c0014000        0x0 obj/main.o
 .data          0x00000000c0014000        0x0 obj/init.o
 .data          0x00000000c0014000        0x0 obj/interrupt.o
 .data          0x00000000c0014000        0x0 obj/timer.o
 .data          0x00000000c0014000       0xd6 obj/kernel.o
                0x00000000c0014016                intr_entry_table
 *fill*         0x00000000c00140d6        0x2 
 .data          0x00000000c00140d8        0x8 obj/print.o
 .data          0x00000000c00140e0        0x0 obj/debug.o
 .data          0x00000000c00140e0        0x0 obj/string.o
 .data          0x00000000c00140e0        0x0 obj/bitmap.o
 .data          0x00000000c00140e0        0x0 obj/memory.o
 .data          0x00000000c00140e0        0x0 obj/thread.o
 .data          0x00000000c00140e0        0x0 obj/list.o
 .data          0x00000000c00140e0        0x0 obj/sync.o
 .data          0x00000000c00140e0        0x0 obj/console.o
 .data          0x00000000c00140e0       0x76 obj/keyboard.o
 .data          0x00000000c0014156        0x0 obj/ioqueue.o
 .data          0x00000000c0014156        0x0 obj/tss.o
 .data          0x00000000c0014156        0x0 obj/process.o
 .data          0x00000000c0014156        0x0 obj/syscall-init.o
 .data          0x00000000c0014156        0x0 obj/syscall.o
 .data          0x00000000c0014156        0x0 obj/mystdio.o
 .data          0x00000000c0014156        0x0 obj/kstdio.o
 .data          0x00000000c0014156        0x0 obj/ide.o
 .data          0x00000000c0014156        0x0 obj/dir.o
 .data          0x00000000c0014156        0x0 obj/file.o
 .data          0x00000000c0014156        0x0 obj/fs.o
 .data          0x00000000c0014156        0x0 obj/inode.o
 .data          0x00000000c0014156        0x0 obj/fork.o
 *fill*         0x00000000c0014156        0x2 
 .data          0x00000000c0014158        0x4 obj/shell.o
                0x00000000c0014158                argc
 .data          0x00000000c001415c        0x0 obj/buildin_cmd.o
 .data          0x00000000c001415c        0x0 obj/exec.o
 .data          0x00000000c001415c        0x0 obj/wait_exit.o
 .data          0x00000000c001415c        0x0 obj/pipe.o

.data1
 *(.data1)
                0x00000000c001415c                _edata = .
                [!provide]                        PROVIDE (edata, .)
                0x00000000c001415c                . = .
                0x00000000c001415c                __bss_start = .

.bss            0x00000000c0014160     0x2040
 *(.dynbss)
 *(.bss .bss.* .gnu.linkonce.b.*)
 .bss           0x00000000c0014160        0x5 obj/main.o
 .bss           0x00000000c0014165        0x5 obj/init.o
 *fill*         0x00000000c001416a       0x16 
 .bss           0x00000000c0014180      0x408 obj/interrupt.o
 .bss           0x00000000c0014588        0x4 obj/timer.o
                0x00000000c0014588                ticks
 .bss           0x00000000c001458c        0x0 obj/debug.o
 .bss           0x00000000c001458c        0x0 obj/string.o
 .bss           0x00000000c001458c        0x0 obj/bitmap.o
 .bss           0x00000000c001458c        0x0 obj/memory.o
 *fill*         0x00000000c001458c       0x14 
 .bss           0x00000000c00145a0       0x80 obj/thread.o
                0x00000000c00145a0                pid_bitmap_bits
 .bss           0x00000000c0014620        0x0 obj/list.o
 .bss           0x00000000c0014620        0x0 obj/sync.o
 .bss           0x00000000c0014620       0x1c obj/console.o
 .bss           0x00000000c001463c        0x5 obj/keyboard.o
 .bss           0x00000000c0014641        0x0 obj/ioqueue.o
 *fill*         0x00000000c0014641       0x1f 
 .bss           0x00000000c0014660       0x6c obj/tss.o
 .bss           0x00000000c00146cc        0x0 obj/process.o
 .bss           0x00000000c00146cc        0x0 obj/syscall-init.o
 .bss           0x00000000c00146cc        0x0 obj/syscall.o
 .bss           0x00000000c00146cc        0x0 obj/mystdio.o
 .bss           0x00000000c00146cc        0x0 obj/kstdio.o
 .bss           0x00000000c00146cc        0x6 obj/ide.o
                0x00000000c00146cc                ext_lba_base
                0x00000000c00146d0                p_no
                0x00000000c00146d1                l_no
 .bss           0x00000000c00146d2        0x0 obj/dir.o
 .bss           0x00000000c00146d2        0x0 obj/file.o
 .bss           0x00000000c00146d2        0x5 obj/fs.o
 .bss           0x00000000c00146d7        0x0 obj/inode.o
 .bss           0x00000000c00146d7        0x0 obj/fork.o
 *fill*         0x00000000c00146d7        0x9 
 .bss           0x00000000c00146e0       0xc0 obj/shell.o
                0x00000000c00146e0                cwd_cache
 .bss           0x00000000c00147a0        0x0 obj/buildin_cmd.o
 .bss           0x00000000c00147a0        0x0 obj/exec.o
 .bss           0x00000000c00147a0        0x0 obj/wait_exit.o
 .bss           0x00000000c00147a0        0x0 obj/pipe.o
 *(COMMON)
 COMMON         0x00000000c00147a0      0x424 obj/interrupt.o
                0x00000000c00147a0                intr_name
                0x00000000c00149c0                idt_table
 *fill*         0x00000000c0014bc4       0x1c 
 COMMON         0x00000000c0014be0      0x12c obj/memory.o
                0x00000000c0014be0                user_pool
                0x00000000c0014c20                k_block_descs
                0x00000000c0014cc8                kernel_vaddr
                0x00000000c0014ce0                kernel_pool
 *fill*         0x00000000c0014d0c       0x14 
 COMMON         0x00000000c0014d20       0x6c obj/thread.o
                0x00000000c0014d20                pid_pool
                0x00000000c0014d48                thread_ready_list
                0x00000000c0014d58                thread_all_list
                0x00000000c0014d68                idle_thread
                0x00000000c0014d6c                main_thread
                0x00000000c0014d70                pid_lock
 *fill*         0x00000000c0014d8c       0x14 
 COMMON         0x00000000c0014da0       0x6c obj/keyboard.o
                0x00000000c0014da0                kbd_buf
 *fill*         0x00000000c0014e0c       0x14 
 COMMON         0x00000000c0014e20       0x80 obj/syscall-init.o
                0x00000000c0014e20                syscall_table
 COMMON         0x00000000c0014ea0      0xcf0 obj/ide.o
                0x00000000c0014ea0                channel_cnt
                0x00000000c0014ec0                channels
                0x00000000c0015b80                partition_list
 *fill*         0x00000000c0015b90       0x10 
 COMMON         0x00000000c0015ba0      0x208 obj/dir.o
                0x00000000c0015ba0                root_dir
 *fill*         0x00000000c0015da8       0x18 
 COMMON         0x00000000c0015dc0      0x180 obj/file.o
                0x00000000c0015dc0                file_table
 COMMON         0x00000000c0015f40        0x4 obj/fs.o
                0x00000000c0015f40                cur_part
 *fill*         0x00000000c0015f44       0x1c 
 COMMON         0x00000000c0015f60      0x240 obj/shell.o
                0x00000000c0015f60                argv
                0x00000000c0015fa0                final_path
                0x00000000c00161a0                . = ALIGN ((. != 0x0)?0x4:0x1)
                0x00000000c00161a0                . = ALIGN (0x4)
                0x00000000c00161a0                . = SEGMENT_START ("ldata-segment", .)
                0x00000000c00161a0                . = ALIGN (0x4)
                0x00000000c00161a0                _end = .
                [!provide]                        PROVIDE (end, .)
                0x00000000c00161a0                . = DATA_SEGMENT_END (.)

.stab
 *(.stab)

.stabstr
 *(.stabstr)

.stab.excl
 *(.stab.excl)

.stab.exclstr
 *(.stab.exclstr)

.stab.index
 *(.stab.index)

.stab.indexstr
 *(.stab.indexstr)

.comment        0x0000000000000000       0x2d
 *(.comment)
 .comment       0x0000000000000000       0x2d obj/main.o
                                         0x2e (size before relaxing)
 .comment       0x000000000000002d       0x2e obj/init.o
 .comment       0x000000000000002d       0x2e obj/interrupt.o
 .comment       0x000000000000002d       0x2e obj/timer.o
 .comment       0x000000000000002d       0x2e obj/debug.o
 .comment       0x000000000000002d       0x2e obj/string.o
 .comment       0x000000000000002d       0x2e obj/bitmap.o
 .comment       0x000000000000002d       0x2e obj/memory.o
 .comment       0x000000000000002d       0x2e obj/thread.o
 .comment       0x000000000000002d       0x2e obj/list.o
 .comment       0x000000000000002d       0x2e obj/sync.o
 .comment       0x000000000000002d       0x2e obj/console.o
 .comment       0x000000000000002d       0x2e obj/keyboard.o
 .comment       0x000000000000002d       0x2e obj/ioqueue.o
 .comment       0x000000000000002d       0x2e obj/tss.o
 .comment       0x000000000000002d       0x2e obj/process.o
 .comment       0x000000000000002d       0x2e obj/syscall-init.o
 .comment       0x000000000000002d       0x2e obj/syscall.o
 .comment       0x000000000000002d       0x2e obj/mystdio.o
 .comment       0x000000000000002d       0x2e obj/kstdio.o
 .comment       0x000000000000002d       0x2e obj/ide.o
 .comment       0x000000000000002d       0x2e obj/dir.o
 .comment       0x000000000000002d       0x2e obj/file.o
 .comment       0x000000000000002d       0x2e obj/fs.o
 .comment       0x000000000000002d       0x2e obj/inode.o
 .comment       0x000000000000002d       0x2e obj/fork.o
 .comment       0x000000000000002d       0x2e obj/shell.o
 .comment       0x000000000000002d       0x2e obj/buildin_cmd.o
 .comment       0x000000000000002d       0x2e obj/exec.o
 .comment       0x000000000000002d       0x2e obj/wait_exit.o
 .comment       0x000000000000002d       0x2e obj/pipe.o

.debug
 *(.debug)

.line
 *(.line)

.debug_srcinfo
 *(.debug_srcinfo)

.debug_sfnames
 *(.debug_sfnames)

.debug_aranges
 *(.debug_aranges)

.debug_pubnames
 *(.debug_pubnames)

.debug_info
 *(.debug_info .gnu.linkonce.wi.*)

.debug_abbrev
 *(.debug_abbrev)

.debug_line
 *(.debug_line .debug_line.* .debug_line_end)

.debug_frame
 *(.debug_frame)

.debug_str
 *(.debug_str)

.debug_loc
 *(.debug_loc)

.debug_macinfo
 *(.debug_macinfo)

.debug_weaknames
 *(.debug_weaknames)

.debug_funcnames
 *(.debug_funcnames)

.debug_typenames
 *(.debug_typenames)

.debug_varnames
 *(.debug_varnames)

.debug_pubtypes
 *(.debug_pubtypes)

.debug_ranges
 *(.debug_ranges)

.debug_macro
 *(.debug_macro)

.gnu.attributes
 *(.gnu.attributes)

/DISCARD/
 *(.note.GNU-stack)
 *(.gnu_debuglink)
 *(.gnu.lto_*)
OUTPUT(bin/kernel.bin elf32-i386)
